[0m20:48:18.215474 [debug] [MainThread]: Sending event: {'category': 'dbt', 'action': 'invocation', 'label': 'start', 'context': [<snowplow_tracker.self_describing_json.SelfDescribingJson object at 0x748812a31b10>, <snowplow_tracker.self_describing_json.SelfDescribingJson object at 0x748815b3ac10>, <snowplow_tracker.self_describing_json.SelfDescribingJson object at 0x748812a31cd0>]}


============================== 20:48:18.221317 | ee234374-090e-4097-ace7-dd0f24025d55 ==============================
[0m20:48:18.221317 [info ] [MainThread]: Running with dbt=1.11.11
[0m20:48:18.221818 [debug] [MainThread]: running dbt with arguments {'target_path': 'None', 'empty': 'False', 'log_format': 'default', 'indirect_selection': 'eager', 'warn_error': 'None', 'warn_error_options': 'WarnErrorOptionsV2(error=[], warn=[], silence=[])', 'debug': 'False', 'write_json': 'True', 'version_check': 'True', 'log_path': '/dbt/logs', 'printer_width': '80', 'introspect': 'True', 'profiles_dir': '/dbt', 'use_colors': 'True', 'cache_selected_only': 'False', 'quiet': 'False', 'invocation_command': 'dbt run', 'static_parser': 'True', 'use_experimental_parser': 'False', 'partial_parse': 'True', 'send_anonymous_usage_stats': 'True', 'fail_fast': 'False', 'log_cache_events': 'False', 'no_print': 'None'}
[0m20:48:18.424819 [debug] [MainThread]: Sending event: {'category': 'dbt', 'action': 'project_id', 'label': 'ee234374-090e-4097-ace7-dd0f24025d55', 'context': [<snowplow_tracker.self_describing_json.SelfDescribingJson object at 0x748812431790>]}
[0m20:48:18.517294 [debug] [MainThread]: Sending event: {'category': 'dbt', 'action': 'adapter_info', 'label': 'ee234374-090e-4097-ace7-dd0f24025d55', 'context': [<snowplow_tracker.self_describing_json.SelfDescribingJson object at 0x748815a3ea10>]}
[0m20:48:18.517901 [info ] [MainThread]: Registered adapter: trino=1.10.2
[0m20:48:18.632463 [debug] [MainThread]: checksum: 30a8cc8fdcbf66701b0944d4ccce3fa46dd04b61e5df68b9f16d57b2e0e3f0be, vars: {}, profile: , target: , version: 1.11.11
[0m20:48:18.633094 [info ] [MainThread]: Unable to do partial parsing because saved manifest not found. Starting full parse.
[0m20:48:18.633424 [debug] [MainThread]: Sending event: {'category': 'dbt', 'action': 'partial_parser', 'label': 'ee234374-090e-4097-ace7-dd0f24025d55', 'context': [<snowplow_tracker.self_describing_json.SelfDescribingJson object at 0x7488122ae390>]}
[0m20:48:20.022124 [debug] [MainThread]: Sending event: {'category': 'dbt', 'action': 'load_project', 'label': 'ee234374-090e-4097-ace7-dd0f24025d55', 'context': [<snowplow_tracker.self_describing_json.SelfDescribingJson object at 0x748811f91d50>]}
[0m20:48:20.103309 [debug] [MainThread]: Wrote artifact WritableManifest to /dbt/target/manifest.json
[0m20:48:20.104950 [debug] [MainThread]: Wrote artifact SemanticManifest to /dbt/target/semantic_manifest.json
[0m20:48:20.116668 [debug] [MainThread]: Sending event: {'category': 'dbt', 'action': 'resource_counts', 'label': 'ee234374-090e-4097-ace7-dd0f24025d55', 'context': [<snowplow_tracker.self_describing_json.SelfDescribingJson object at 0x7488104ab310>]}
[0m20:48:20.117119 [info ] [MainThread]: Found 2 models, 2 data tests, 495 macros
[0m20:48:20.117385 [debug] [MainThread]: Sending event: {'category': 'dbt', 'action': 'runnable_timing', 'label': 'ee234374-090e-4097-ace7-dd0f24025d55', 'context': [<snowplow_tracker.self_describing_json.SelfDescribingJson object at 0x7488120b8b50>]}
[0m20:48:20.119071 [info ] [MainThread]: 
[0m20:48:20.119353 [info ] [MainThread]: Concurrency: 4 threads (target='dev')
[0m20:48:20.119588 [info ] [MainThread]: 
[0m20:48:20.120016 [debug] [MainThread]: Acquiring new trino connection 'master'
[0m20:48:20.124978 [debug] [ThreadPool]: Acquiring new trino connection 'list_iceberg'
[0m20:48:20.179302 [debug] [ThreadPool]: Using trino connection "list_iceberg"
[0m20:48:20.179660 [debug] [ThreadPool]: On list_iceberg: /* {"app": "dbt", "dbt_version": "1.11.11", "profile_name": "lakehouse", "target_name": "dev", "connection_name": "list_iceberg"} */

    select schema_name
    from "iceberg".INFORMATION_SCHEMA.schemata
[0m20:48:20.179905 [debug] [ThreadPool]: Opening a new connection, currently in state init
[0m20:48:20.180108 [warn ] [ThreadPool]: [[33mWARNING[0m]: SSL certificate validation is disabled by default. It is legacy behavior which will be changed in future releases. It is strongly advised to enable `require_certificate_validation` flag or explicitly set `cert` configuration to `True` for security reasons. You may receive an error after that if your SSL setup is incorrect.
You may opt into the new behavior sooner by setting `flags.require_certificate_validation` to `True` in `dbt_project.yml`.
Visit https://docs.getdbt.com/reference/global-configs/behavior-changes for more information.
[0m20:48:20.180480 [debug] [ThreadPool]: Sending event: {'category': 'dbt', 'action': 'BehaviorChangeEvent', 'label': 'ee234374-090e-4097-ace7-dd0f24025d55', 'context': [<snowplow_tracker.self_describing_json.SelfDescribingJson object at 0x74881047e450>]}
[0m20:48:20.239619 [debug] [ThreadPool]: SQL status: SUCCESS in 0.060 seconds
[0m20:48:20.240795 [debug] [ThreadPool]: On list_iceberg: Close
[0m20:48:20.241456 [debug] [ThreadPool]: Re-using an available connection from the pool (formerly list_iceberg, now create_iceberg_analytics)
[0m20:48:20.241834 [debug] [ThreadPool]: Creating schema "database: "iceberg"
schema: "analytics"
"
[0m20:48:20.246347 [debug] [ThreadPool]: Using trino connection "create_iceberg_analytics"
[0m20:48:20.246713 [debug] [ThreadPool]: On create_iceberg_analytics: /* {"app": "dbt", "dbt_version": "1.11.11", "profile_name": "lakehouse", "target_name": "dev", "connection_name": "create_iceberg_analytics"} */
create schema if not exists "iceberg"."analytics"
[0m20:48:20.246960 [debug] [ThreadPool]: Opening a new connection, currently in state closed
[0m20:48:20.386035 [debug] [ThreadPool]: SQL status: CREATE SCHEMA in 0.139 seconds
[0m20:48:20.387041 [debug] [ThreadPool]: On create_iceberg_analytics: COMMIT
[0m20:48:20.387356 [debug] [ThreadPool]: On create_iceberg_analytics: Close
[0m20:48:20.389312 [debug] [ThreadPool]: Re-using an available connection from the pool (formerly create_iceberg_analytics, now list_iceberg_analytics)
[0m20:48:20.412889 [debug] [ThreadPool]: Using trino connection "list_iceberg_analytics"
[0m20:48:20.413242 [debug] [ThreadPool]: On list_iceberg_analytics: /* {"app": "dbt", "dbt_version": "1.11.11", "profile_name": "lakehouse", "target_name": "dev", "connection_name": "list_iceberg_analytics"} */
select
      t.table_catalog as database,
      t.table_name as name,
      t.table_schema as schema,
      case when mv.name is not null then 'materialized_view'
           when t.table_type = 'BASE TABLE' then 'table'
           when t.table_type = 'VIEW' then 'view'
           else t.table_type
      end as table_type
    from "iceberg".INFORMATION_SCHEMA.tables t
    left join (
            select * from system.metadata.materialized_views
            where catalog_name = 'iceberg'
              and schema_name = 'analytics') mv
          on mv.catalog_name = t.table_catalog and mv.schema_name = t.table_schema and mv.name = t.table_name
    where t.table_schema = 'analytics'
[0m20:48:20.413500 [debug] [ThreadPool]: Opening a new connection, currently in state closed
[0m20:48:20.910117 [debug] [ThreadPool]: SQL status: SUCCESS in 0.496 seconds
[0m20:48:20.912640 [debug] [ThreadPool]: On list_iceberg_analytics: ROLLBACK
[0m20:48:20.913260 [debug] [ThreadPool]: On list_iceberg_analytics: Close
[0m20:48:20.914626 [debug] [MainThread]: Sending event: {'category': 'dbt', 'action': 'runnable_timing', 'label': 'ee234374-090e-4097-ace7-dd0f24025d55', 'context': [<snowplow_tracker.self_describing_json.SelfDescribingJson object at 0x748815481c10>]}
[0m20:48:20.915511 [debug] [MainThread]: On master: COMMIT
[0m20:48:20.936938 [debug] [Thread-1 (]: Began running node model.lakehouse_analytics.stg_trades
[0m20:48:20.937936 [info ] [Thread-1 (]: 1 of 2 START sql view model analytics.stg_trades ............................... [RUN]
[0m20:48:20.938486 [debug] [Thread-1 (]: Re-using an available connection from the pool (formerly list_iceberg_analytics, now model.lakehouse_analytics.stg_trades)
[0m20:48:20.938796 [debug] [Thread-1 (]: Began compiling node model.lakehouse_analytics.stg_trades
[0m20:48:20.941544 [debug] [Thread-1 (]: Writing injected SQL for node "model.lakehouse_analytics.stg_trades"
[0m20:48:20.942154 [debug] [Thread-1 (]: Began executing node model.lakehouse_analytics.stg_trades
[0m20:48:20.961015 [debug] [Thread-1 (]: Writing runtime sql for node "model.lakehouse_analytics.stg_trades"
[0m20:48:20.962332 [debug] [Thread-1 (]: Using trino connection "model.lakehouse_analytics.stg_trades"
[0m20:48:20.962663 [debug] [Thread-1 (]: On model.lakehouse_analytics.stg_trades: /* {"app": "dbt", "dbt_version": "1.11.11", "profile_name": "lakehouse", "target_name": "dev", "node_id": "model.lakehouse_analytics.stg_trades"} */

  create or replace view
    "iceberg"."analytics"."stg_trades"
  security definer
  as
    

SELECT
    id,
    name AS symbol,
    created_at AS traded_at
FROM iceberg.demo.test_table
  
[0m20:48:20.962952 [debug] [Thread-1 (]: Opening a new connection, currently in state closed
[0m20:48:22.338135 [debug] [Thread-1 (]: SQL status: CREATE VIEW in 1.375 seconds
[0m20:48:22.355361 [debug] [Thread-1 (]: On model.lakehouse_analytics.stg_trades: ROLLBACK
[0m20:48:22.355710 [debug] [Thread-1 (]: On model.lakehouse_analytics.stg_trades: Close
[0m20:48:22.357222 [debug] [Thread-1 (]: Sending event: {'category': 'dbt', 'action': 'run_model', 'label': 'ee234374-090e-4097-ace7-dd0f24025d55', 'context': [<snowplow_tracker.self_describing_json.SelfDescribingJson object at 0x748811f21cd0>]}
[0m20:48:22.357872 [info ] [Thread-1 (]: 1 of 2 OK created sql view model analytics.stg_trades .......................... [[32mCREATE VIEW[0m in 1.42s]
[0m20:48:22.358428 [debug] [Thread-1 (]: Finished running node model.lakehouse_analytics.stg_trades
[0m20:48:22.359467 [debug] [Thread-3 (]: Began running node model.lakehouse_analytics.trade_summary
[0m20:48:22.360003 [info ] [Thread-3 (]: 2 of 2 START sql table model analytics.trade_summary ........................... [RUN]
[0m20:48:22.360487 [debug] [Thread-3 (]: Acquiring new trino connection 'model.lakehouse_analytics.trade_summary'
[0m20:48:22.360784 [debug] [Thread-3 (]: Began compiling node model.lakehouse_analytics.trade_summary
[0m20:48:22.363756 [debug] [Thread-3 (]: Writing injected SQL for node "model.lakehouse_analytics.trade_summary"
[0m20:48:22.364253 [debug] [Thread-3 (]: Began executing node model.lakehouse_analytics.trade_summary
[0m20:48:22.417695 [debug] [Thread-3 (]: Writing runtime sql for node "model.lakehouse_analytics.trade_summary"
[0m20:48:22.419369 [debug] [Thread-3 (]: Using trino connection "model.lakehouse_analytics.trade_summary"
[0m20:48:22.419760 [debug] [Thread-3 (]: On model.lakehouse_analytics.trade_summary: /* {"app": "dbt", "dbt_version": "1.11.11", "profile_name": "lakehouse", "target_name": "dev", "node_id": "model.lakehouse_analytics.trade_summary"} */

  
    

    create table "iceberg"."analytics"."trade_summary"
      
      
    as (
      

SELECT
    symbol,
    COUNT(*) AS trade_count,
    MIN(traded_at) AS first_trade,
    MAX(traded_at) AS last_trade
FROM "iceberg"."analytics"."stg_trades"
GROUP BY symbol
    )
[0m20:48:22.420079 [debug] [Thread-3 (]: Opening a new connection, currently in state init
[0m20:48:24.163669 [debug] [Thread-3 (]: SQL status: CREATE TABLE (3 rows) in 1.743 seconds
[0m20:48:24.167717 [debug] [Thread-3 (]: On model.lakehouse_analytics.trade_summary: ROLLBACK
[0m20:48:24.168436 [debug] [Thread-3 (]: On model.lakehouse_analytics.trade_summary: Close
[0m20:48:24.169809 [debug] [Thread-3 (]: Sending event: {'category': 'dbt', 'action': 'run_model', 'label': 'ee234374-090e-4097-ace7-dd0f24025d55', 'context': [<snowplow_tracker.self_describing_json.SelfDescribingJson object at 0x7487eb6583d0>]}
[0m20:48:24.171038 [info ] [Thread-3 (]: 2 of 2 OK created sql table model analytics.trade_summary ...................... [[32mCREATE TABLE (3 rows)[0m in 1.81s]
[0m20:48:24.172273 [debug] [Thread-3 (]: Finished running node model.lakehouse_analytics.trade_summary
[0m20:48:24.174817 [debug] [MainThread]: On master: COMMIT
[0m20:48:24.175682 [debug] [MainThread]: Connection 'master' was properly closed.
[0m20:48:24.176250 [debug] [MainThread]: Connection 'model.lakehouse_analytics.stg_trades' was properly closed.
[0m20:48:24.176814 [debug] [MainThread]: Connection 'model.lakehouse_analytics.trade_summary' was properly closed.
[0m20:48:24.177443 [info ] [MainThread]: 
[0m20:48:24.178166 [info ] [MainThread]: Finished running 1 table model, 1 view model in 0 hours 0 minutes and 4.06 seconds (4.06s).
[0m20:48:24.180129 [debug] [MainThread]: Command end result
[0m20:48:24.286100 [debug] [MainThread]: Wrote artifact WritableManifest to /dbt/target/manifest.json
[0m20:48:24.287765 [debug] [MainThread]: Wrote artifact SemanticManifest to /dbt/target/semantic_manifest.json
[0m20:48:24.292965 [debug] [MainThread]: Wrote artifact RunExecutionResult to /dbt/target/run_results.json
[0m20:48:24.293208 [info ] [MainThread]: 
[0m20:48:24.293548 [info ] [MainThread]: [32mCompleted successfully[0m
[0m20:48:24.293813 [info ] [MainThread]: 
[0m20:48:24.294100 [info ] [MainThread]: Done. PASS=2 WARN=0 ERROR=0 SKIP=0 NO-OP=0 TOTAL=2
[0m20:48:24.294972 [debug] [MainThread]: Resource report: {"command_name": "run", "command_success": true, "command_wall_clock_time": 6.1536293, "process_in_blocks": "368", "process_kernel_time": 0.505445, "process_mem_max_rss": "136652", "process_out_blocks": "6616", "process_user_time": 3.738894}
[0m20:48:24.295357 [debug] [MainThread]: Command `dbt run` succeeded at 20:48:24.295266 after 6.15 seconds
[0m20:48:24.295675 [debug] [MainThread]: Sending event: {'category': 'dbt', 'action': 'invocation', 'label': 'end', 'context': [<snowplow_tracker.self_describing_json.SelfDescribingJson object at 0x748817464710>, <snowplow_tracker.self_describing_json.SelfDescribingJson object at 0x7488174646d0>, <snowplow_tracker.self_describing_json.SelfDescribingJson object at 0x748812805d10>]}
[0m20:48:24.295985 [debug] [MainThread]: Flushing usage events
[0m20:48:24.315471 [debug] [MainThread]: An error was encountered while trying to flush usage events
[0m20:48:44.482833 [debug] [MainThread]: Sending event: {'category': 'dbt', 'action': 'invocation', 'label': 'start', 'context': [<snowplow_tracker.self_describing_json.SelfDescribingJson object at 0x7c40ede26a90>, <snowplow_tracker.self_describing_json.SelfDescribingJson object at 0x7c40edf25fd0>, <snowplow_tracker.self_describing_json.SelfDescribingJson object at 0x7c40eddea010>]}


============================== 20:48:44.489322 | 5ca75a2a-ca1e-411f-914d-b6c829d2e407 ==============================
[0m20:48:44.489322 [info ] [MainThread]: Running with dbt=1.11.11
[0m20:48:44.489844 [debug] [MainThread]: running dbt with arguments {'cache_selected_only': 'False', 'invocation_command': 'dbt test', 'empty': 'None', 'version_check': 'True', 'use_colors': 'True', 'target_path': 'None', 'log_path': '/dbt/logs', 'no_print': 'None', 'warn_error_options': 'WarnErrorOptionsV2(error=[], warn=[], silence=[])', 'log_format': 'default', 'write_json': 'True', 'profiles_dir': '/dbt', 'use_experimental_parser': 'False', 'debug': 'False', 'static_parser': 'True', 'log_cache_events': 'False', 'printer_width': '80', 'introspect': 'True', 'partial_parse': 'True', 'send_anonymous_usage_stats': 'True', 'quiet': 'False', 'warn_error': 'None', 'indirect_selection': 'eager', 'fail_fast': 'False'}
[0m20:48:44.695043 [debug] [MainThread]: Sending event: {'category': 'dbt', 'action': 'project_id', 'label': '5ca75a2a-ca1e-411f-914d-b6c829d2e407', 'context': [<snowplow_tracker.self_describing_json.SelfDescribingJson object at 0x7c40eda9a010>]}
[0m20:48:44.776826 [debug] [MainThread]: Sending event: {'category': 'dbt', 'action': 'adapter_info', 'label': '5ca75a2a-ca1e-411f-914d-b6c829d2e407', 'context': [<snowplow_tracker.self_describing_json.SelfDescribingJson object at 0x7c40ed92d490>]}
[0m20:48:44.777463 [info ] [MainThread]: Registered adapter: trino=1.10.2
[0m20:48:44.889408 [debug] [MainThread]: checksum: 30a8cc8fdcbf66701b0944d4ccce3fa46dd04b61e5df68b9f16d57b2e0e3f0be, vars: {}, profile: , target: , version: 1.11.11
[0m20:48:44.997640 [debug] [MainThread]: Partial parsing enabled: 0 files deleted, 0 files added, 0 files changed.
[0m20:48:44.998038 [debug] [MainThread]: Nothing changed, skipping partial parsing.
[0m20:48:44.998269 [debug] [MainThread]: Partial parsing enabled, no changes found, skipping parsing
[0m20:48:45.037402 [debug] [MainThread]: Sending event: {'category': 'dbt', 'action': 'load_project', 'label': '5ca75a2a-ca1e-411f-914d-b6c829d2e407', 'context': [<snowplow_tracker.self_describing_json.SelfDescribingJson object at 0x7c40ede2f090>]}
[0m20:48:45.170969 [debug] [MainThread]: Wrote artifact WritableManifest to /dbt/target/manifest.json
[0m20:48:45.172689 [debug] [MainThread]: Wrote artifact SemanticManifest to /dbt/target/semantic_manifest.json
[0m20:48:45.192653 [debug] [MainThread]: Sending event: {'category': 'dbt', 'action': 'resource_counts', 'label': '5ca75a2a-ca1e-411f-914d-b6c829d2e407', 'context': [<snowplow_tracker.self_describing_json.SelfDescribingJson object at 0x7c40edcb9c90>]}
[0m20:48:45.193118 [info ] [MainThread]: Found 2 models, 2 data tests, 495 macros
[0m20:48:45.193391 [debug] [MainThread]: Sending event: {'category': 'dbt', 'action': 'runnable_timing', 'label': '5ca75a2a-ca1e-411f-914d-b6c829d2e407', 'context': [<snowplow_tracker.self_describing_json.SelfDescribingJson object at 0x7c40edbd5c10>]}
[0m20:48:45.195295 [info ] [MainThread]: 
[0m20:48:45.195608 [info ] [MainThread]: Concurrency: 4 threads (target='dev')
[0m20:48:45.195858 [info ] [MainThread]: 
[0m20:48:45.196326 [debug] [MainThread]: Acquiring new trino connection 'master'
[0m20:48:45.201728 [debug] [ThreadPool]: Acquiring new trino connection 'list_iceberg_analytics'
[0m20:48:45.271379 [debug] [ThreadPool]: Using trino connection "list_iceberg_analytics"
[0m20:48:45.271755 [debug] [ThreadPool]: On list_iceberg_analytics: /* {"app": "dbt", "dbt_version": "1.11.11", "profile_name": "lakehouse", "target_name": "dev", "connection_name": "list_iceberg_analytics"} */
select
      t.table_catalog as database,
      t.table_name as name,
      t.table_schema as schema,
      case when mv.name is not null then 'materialized_view'
           when t.table_type = 'BASE TABLE' then 'table'
           when t.table_type = 'VIEW' then 'view'
           else t.table_type
      end as table_type
    from "iceberg".INFORMATION_SCHEMA.tables t
    left join (
            select * from system.metadata.materialized_views
            where catalog_name = 'iceberg'
              and schema_name = 'analytics') mv
          on mv.catalog_name = t.table_catalog and mv.schema_name = t.table_schema and mv.name = t.table_name
    where t.table_schema = 'analytics'
[0m20:48:45.272020 [debug] [ThreadPool]: Opening a new connection, currently in state init
[0m20:48:45.272226 [warn ] [ThreadPool]: [[33mWARNING[0m]: SSL certificate validation is disabled by default. It is legacy behavior which will be changed in future releases. It is strongly advised to enable `require_certificate_validation` flag or explicitly set `cert` configuration to `True` for security reasons. You may receive an error after that if your SSL setup is incorrect.
You may opt into the new behavior sooner by setting `flags.require_certificate_validation` to `True` in `dbt_project.yml`.
Visit https://docs.getdbt.com/reference/global-configs/behavior-changes for more information.
[0m20:48:45.272602 [debug] [ThreadPool]: Sending event: {'category': 'dbt', 'action': 'BehaviorChangeEvent', 'label': '5ca75a2a-ca1e-411f-914d-b6c829d2e407', 'context': [<snowplow_tracker.self_describing_json.SelfDescribingJson object at 0x7c40ed852550>]}
[0m20:48:45.435445 [debug] [ThreadPool]: SQL status: SUCCESS in 0.163 seconds
[0m20:48:45.436814 [debug] [ThreadPool]: On list_iceberg_analytics: ROLLBACK
[0m20:48:45.437056 [debug] [ThreadPool]: On list_iceberg_analytics: Close
[0m20:48:45.438410 [debug] [MainThread]: Sending event: {'category': 'dbt', 'action': 'runnable_timing', 'label': '5ca75a2a-ca1e-411f-914d-b6c829d2e407', 'context': [<snowplow_tracker.self_describing_json.SelfDescribingJson object at 0x7c40edc29550>]}
[0m20:48:45.438943 [debug] [MainThread]: On master: COMMIT
[0m20:48:45.445625 [debug] [Thread-1 (]: Began running node test.lakehouse_analytics.not_null_stg_trades_id.b395e84a36
[0m20:48:45.445966 [debug] [Thread-2 (]: Began running node test.lakehouse_analytics.not_null_stg_trades_symbol.99bfb04c88
[0m20:48:45.446314 [info ] [Thread-1 (]: 1 of 2 START test not_null_stg_trades_id ....................................... [RUN]
[0m20:48:45.446686 [info ] [Thread-2 (]: 2 of 2 START test not_null_stg_trades_symbol ................................... [RUN]
[0m20:48:45.447108 [debug] [Thread-1 (]: Re-using an available connection from the pool (formerly list_iceberg_analytics, now test.lakehouse_analytics.not_null_stg_trades_id.b395e84a36)
[0m20:48:45.447514 [debug] [Thread-2 (]: Acquiring new trino connection 'test.lakehouse_analytics.not_null_stg_trades_symbol.99bfb04c88'
[0m20:48:45.447842 [debug] [Thread-1 (]: Began compiling node test.lakehouse_analytics.not_null_stg_trades_id.b395e84a36
[0m20:48:45.448130 [debug] [Thread-2 (]: Began compiling node test.lakehouse_analytics.not_null_stg_trades_symbol.99bfb04c88
[0m20:48:45.459715 [debug] [Thread-1 (]: Writing injected SQL for node "test.lakehouse_analytics.not_null_stg_trades_id.b395e84a36"
[0m20:48:45.464109 [debug] [Thread-2 (]: Writing injected SQL for node "test.lakehouse_analytics.not_null_stg_trades_symbol.99bfb04c88"
[0m20:48:45.464926 [debug] [Thread-2 (]: Began executing node test.lakehouse_analytics.not_null_stg_trades_symbol.99bfb04c88
[0m20:48:45.470415 [debug] [Thread-1 (]: Began executing node test.lakehouse_analytics.not_null_stg_trades_id.b395e84a36
[0m20:48:45.519867 [debug] [Thread-1 (]: Writing runtime sql for node "test.lakehouse_analytics.not_null_stg_trades_id.b395e84a36"
[0m20:48:45.518759 [debug] [Thread-2 (]: Writing runtime sql for node "test.lakehouse_analytics.not_null_stg_trades_symbol.99bfb04c88"
[0m20:48:45.521969 [debug] [Thread-1 (]: Using trino connection "test.lakehouse_analytics.not_null_stg_trades_id.b395e84a36"
[0m20:48:45.522286 [debug] [Thread-1 (]: On test.lakehouse_analytics.not_null_stg_trades_id.b395e84a36: /* {"app": "dbt", "dbt_version": "1.11.11", "profile_name": "lakehouse", "target_name": "dev", "node_id": "test.lakehouse_analytics.not_null_stg_trades_id.b395e84a36"} */

    
    select
      count(*) as failures,
      count(*) != 0 as should_warn,
      count(*) != 0 as should_error
    from (
      
    
  
    
    



select id
from "iceberg"."analytics"."stg_trades"
where id is null



  
  
      
    ) dbt_internal_test
[0m20:48:45.522602 [debug] [Thread-1 (]: Opening a new connection, currently in state closed
[0m20:48:45.526530 [debug] [Thread-2 (]: Using trino connection "test.lakehouse_analytics.not_null_stg_trades_symbol.99bfb04c88"
[0m20:48:45.527430 [debug] [Thread-2 (]: On test.lakehouse_analytics.not_null_stg_trades_symbol.99bfb04c88: /* {"app": "dbt", "dbt_version": "1.11.11", "profile_name": "lakehouse", "target_name": "dev", "node_id": "test.lakehouse_analytics.not_null_stg_trades_symbol.99bfb04c88"} */

    
    select
      count(*) as failures,
      count(*) != 0 as should_warn,
      count(*) != 0 as should_error
    from (
      
    
  
    
    



select symbol
from "iceberg"."analytics"."stg_trades"
where symbol is null



  
  
      
    ) dbt_internal_test
[0m20:48:45.528263 [debug] [Thread-2 (]: Opening a new connection, currently in state init
[0m20:48:45.835612 [debug] [Thread-1 (]: SQL status: SUCCESS in 0.313 seconds
[0m20:48:45.840194 [debug] [Thread-1 (]: On test.lakehouse_analytics.not_null_stg_trades_id.b395e84a36: ROLLBACK
[0m20:48:45.840925 [debug] [Thread-1 (]: On test.lakehouse_analytics.not_null_stg_trades_id.b395e84a36: Close
[0m20:48:45.841395 [debug] [Thread-2 (]: SQL status: SUCCESS in 0.313 seconds
[0m20:48:45.843552 [debug] [Thread-2 (]: On test.lakehouse_analytics.not_null_stg_trades_symbol.99bfb04c88: ROLLBACK
[0m20:48:45.842216 [info ] [Thread-1 (]: 1 of 2 PASS not_null_stg_trades_id ............................................. [[32mPASS[0m in 0.40s]
[0m20:48:45.844012 [debug] [Thread-2 (]: On test.lakehouse_analytics.not_null_stg_trades_symbol.99bfb04c88: Close
[0m20:48:45.844694 [debug] [Thread-1 (]: Finished running node test.lakehouse_analytics.not_null_stg_trades_id.b395e84a36
[0m20:48:45.845545 [info ] [Thread-2 (]: 2 of 2 PASS not_null_stg_trades_symbol ......................................... [[32mPASS[0m in 0.40s]
[0m20:48:45.846369 [debug] [Thread-2 (]: Finished running node test.lakehouse_analytics.not_null_stg_trades_symbol.99bfb04c88
[0m20:48:45.847756 [debug] [MainThread]: On master: COMMIT
[0m20:48:45.848186 [debug] [MainThread]: Connection 'master' was properly closed.
[0m20:48:45.848476 [debug] [MainThread]: Connection 'test.lakehouse_analytics.not_null_stg_trades_id.b395e84a36' was properly closed.
[0m20:48:45.848776 [debug] [MainThread]: Connection 'test.lakehouse_analytics.not_null_stg_trades_symbol.99bfb04c88' was properly closed.
[0m20:48:45.849118 [info ] [MainThread]: 
[0m20:48:45.849465 [info ] [MainThread]: Finished running 2 data tests in 0 hours 0 minutes and 0.65 seconds (0.65s).
[0m20:48:45.850450 [debug] [MainThread]: Command end result
[0m20:48:45.883953 [debug] [MainThread]: Wrote artifact WritableManifest to /dbt/target/manifest.json
[0m20:48:45.885806 [debug] [MainThread]: Wrote artifact SemanticManifest to /dbt/target/semantic_manifest.json
[0m20:48:45.892602 [debug] [MainThread]: Wrote artifact RunExecutionResult to /dbt/target/run_results.json
[0m20:48:45.892929 [info ] [MainThread]: 
[0m20:48:45.893333 [info ] [MainThread]: [32mCompleted successfully[0m
[0m20:48:45.893635 [info ] [MainThread]: 
[0m20:48:45.893967 [info ] [MainThread]: Done. PASS=2 WARN=0 ERROR=0 SKIP=0 NO-OP=0 TOTAL=2
[0m20:48:45.895012 [debug] [MainThread]: Resource report: {"command_name": "test", "command_success": true, "command_wall_clock_time": 1.4864433, "process_in_blocks": "0", "process_kernel_time": 0.472396, "process_mem_max_rss": "128288", "process_out_blocks": "5600", "process_user_time": 2.430893}
[0m20:48:45.895483 [debug] [MainThread]: Command `dbt test` succeeded at 20:48:45.895371 after 1.49 seconds
[0m20:48:45.895870 [debug] [MainThread]: Sending event: {'category': 'dbt', 'action': 'invocation', 'label': 'end', 'context': [<snowplow_tracker.self_describing_json.SelfDescribingJson object at 0x7c40edcea550>, <snowplow_tracker.self_describing_json.SelfDescribingJson object at 0x7c40edcebcd0>, <snowplow_tracker.self_describing_json.SelfDescribingJson object at 0x7c40f29a4710>]}
[0m20:48:45.896187 [debug] [MainThread]: Flushing usage events
[0m20:48:45.898744 [debug] [MainThread]: An error was encountered while trying to flush usage events
